// Jest Snapshot v1, https://goo.gl/fbAQLP

exports[`homescreen with a header and multiple buttons 1`] = `
[
  <View
    style={
      {
        "height": 60,
        "marginBottom": 5,
        "width": "100%",
      }
    }
  >
    <View
      accessibilityIgnoresInvertColors={true}
      style={
        {
          "alignItems": "center",
          "height": "100%",
          "justifyContent": "center",
        }
      }
    >
      <Image
        source={
          {
            "testUri": "../../../src/pages/header/img/header_background.jpg",
          }
        }
        style={
          [
            {
              "bottom": 0,
              "left": 0,
              "position": "absolute",
              "right": 0,
              "top": 0,
            },
            {
              "height": "100%",
              "width": undefined,
            },
            undefined,
          ]
        }
      />
      <Text
        style={
          {
            "color": "black",
            "fontSize": 30,
            "fontWeight": "bold",
          }
        }
      >
        Companion
      </Text>
    </View>
  </View>,
  <View
    style={
      {
        "alignSelf": "center",
        "flexDirection": "row",
        "flexWrap": "wrap",
        "marginTop": 40,
        "maxWidth": 500,
        "width": "90%",
      }
    }
  >
    <View
      style={
        {
          "alignItems": "center",
          "height": 160,
          "width": 150,
        }
      }
    >
      <View
        accessibilityState={
          {
            "busy": undefined,
            "checked": undefined,
            "disabled": undefined,
            "expanded": undefined,
            "selected": undefined,
          }
        }
        accessibilityValue={
          {
            "max": undefined,
            "min": undefined,
            "now": undefined,
            "text": undefined,
          }
        }
        accessible={true}
        collapsable={false}
        focusable={true}
        onClick={[Function]}
        onResponderGrant={[Function]}
        onResponderMove={[Function]}
        onResponderRelease={[Function]}
        onResponderTerminate={[Function]}
        onResponderTerminationRequest={[Function]}
        onStartShouldSetResponder={[Function]}
        style={
          {
            "height": 100,
            "opacity": 1,
            "width": 100,
          }
        }
      >
        <Image
          source={
            {
              "testUri": "../../../src/pages/home/img/villagers.png",
            }
          }
          style={
            {
              "height": "100%",
              "width": "100%",
            }
          }
        />
      </View>
      <Text
        style={
          {
            "color": "black",
            "fontSize": 14,
            "textAlign": "center",
          }
        }
      >
        Villageois
      </Text>
    </View>
    <View
      style={
        {
          "alignItems": "center",
          "height": 160,
          "width": 150,
        }
      }
    >
      <View
        accessibilityState={
          {
            "busy": undefined,
            "checked": undefined,
            "disabled": undefined,
            "expanded": undefined,
            "selected": undefined,
          }
        }
        accessibilityValue={
          {
            "max": undefined,
            "min": undefined,
            "now": undefined,
            "text": undefined,
          }
        }
        accessible={true}
        collapsable={false}
        focusable={true}
        onClick={[Function]}
        onResponderGrant={[Function]}
        onResponderMove={[Function]}
        onResponderRelease={[Function]}
        onResponderTerminate={[Function]}
        onResponderTerminationRequest={[Function]}
        onStartShouldSetResponder={[Function]}
        style={
          {
            "height": 100,
            "opacity": 1,
            "width": 100,
          }
        }
      >
        <Image
          source={
            {
              "testUri": "../../../src/pages/home/img/encyclo_betes.png",
            }
          }
          style={
            {
              "height": "100%",
              "width": "100%",
            }
          }
        />
      </View>
      <Text
        style={
          {
            "color": "black",
            "fontSize": 14,
            "textAlign": "center",
          }
        }
      >
        Encyclop√©die
      </Text>
    </View>
    <View
      style={
        {
          "alignItems": "center",
          "height": 160,
          "width": 150,
        }
      }
    >
      <View
        accessibilityState={
          {
            "busy": undefined,
            "checked": undefined,
            "disabled": undefined,
            "expanded": undefined,
            "selected": undefined,
          }
        }
        accessibilityValue={
          {
            "max": undefined,
            "min": undefined,
            "now": undefined,
            "text": undefined,
          }
        }
        accessible={true}
        collapsable={false}
        focusable={true}
        onClick={[Function]}
        onResponderGrant={[Function]}
        onResponderMove={[Function]}
        onResponderRelease={[Function]}
        onResponderTerminate={[Function]}
        onResponderTerminationRequest={[Function]}
        onStartShouldSetResponder={[Function]}
        style={
          {
            "height": 100,
            "opacity": 1,
            "width": 100,
          }
        }
      >
        <Image
          source={
            {
              "testUri": "../../../src/pages/home/img/tracker.png",
            }
          }
          style={
            {
              "height": "100%",
              "width": "100%",
            }
          }
        />
      </View>
      <Text
        style={
          {
            "color": "black",
            "fontSize": 14,
            "textAlign": "center",
          }
        }
      >
        Recherche
      </Text>
    </View>
    <View
      style={
        {
          "alignItems": "center",
          "height": 160,
          "width": 150,
        }
      }
    >
      <View
        accessibilityState={
          {
            "busy": undefined,
            "checked": undefined,
            "disabled": undefined,
            "expanded": undefined,
            "selected": undefined,
          }
        }
        accessibilityValue={
          {
            "max": undefined,
            "min": undefined,
            "now": undefined,
            "text": undefined,
          }
        }
        accessible={true}
        collapsable={false}
        focusable={true}
        onClick={[Function]}
        onResponderGrant={[Function]}
        onResponderMove={[Function]}
        onResponderRelease={[Function]}
        onResponderTerminate={[Function]}
        onResponderTerminationRequest={[Function]}
        onStartShouldSetResponder={[Function]}
        style={
          {
            "height": 100,
            "opacity": 1,
            "width": 100,
          }
        }
      >
        <Image
          source={
            {
              "testUri": "../../../src/pages/home/img/bugs.png",
            }
          }
          style={
            {
              "height": "100%",
              "width": "100%",
            }
          }
        />
      </View>
      <Text
        style={
          {
            "color": "black",
            "fontSize": 14,
            "textAlign": "center",
          }
        }
      >
        Aide
      </Text>
    </View>
  </View>,
]
`;
